Archive member included because of file (symbol)

c:/archivos de programa/atmel/atmel studio 6.0/extensions/atmel/avrgcc/3.4.0.65/avrtoolchain/bin/../lib/gcc/avr/4.6.2/../../../../avr/lib/avr5\libm.a(addsf3.o)
                              main.o (__subsf3)
c:/archivos de programa/atmel/atmel studio 6.0/extensions/atmel/avrgcc/3.4.0.65/avrtoolchain/bin/../lib/gcc/avr/4.6.2/../../../../avr/lib/avr5\libm.a(addsf3x.o)
                              c:/archivos de programa/atmel/atmel studio 6.0/extensions/atmel/avrgcc/3.4.0.65/avrtoolchain/bin/../lib/gcc/avr/4.6.2/../../../../avr/lib/avr5\libm.a(addsf3.o) (__addsf3x)
c:/archivos de programa/atmel/atmel studio 6.0/extensions/atmel/avrgcc/3.4.0.65/avrtoolchain/bin/../lib/gcc/avr/4.6.2/../../../../avr/lib/avr5\libm.a(divsf3.o)
                              main.o (__divsf3)
c:/archivos de programa/atmel/atmel studio 6.0/extensions/atmel/avrgcc/3.4.0.65/avrtoolchain/bin/../lib/gcc/avr/4.6.2/../../../../avr/lib/avr5\libm.a(divsf3x.o)
                              c:/archivos de programa/atmel/atmel studio 6.0/extensions/atmel/avrgcc/3.4.0.65/avrtoolchain/bin/../lib/gcc/avr/4.6.2/../../../../avr/lib/avr5\libm.a(divsf3.o) (__divsf3x)
c:/archivos de programa/atmel/atmel studio 6.0/extensions/atmel/avrgcc/3.4.0.65/avrtoolchain/bin/../lib/gcc/avr/4.6.2/../../../../avr/lib/avr5\libm.a(fixsfsi.o)
                              main.o (__fixsfsi)
c:/archivos de programa/atmel/atmel studio 6.0/extensions/atmel/avrgcc/3.4.0.65/avrtoolchain/bin/../lib/gcc/avr/4.6.2/../../../../avr/lib/avr5\libm.a(fixunssfsi.o)
                              c:/archivos de programa/atmel/atmel studio 6.0/extensions/atmel/avrgcc/3.4.0.65/avrtoolchain/bin/../lib/gcc/avr/4.6.2/../../../../avr/lib/avr5\libm.a(fixsfsi.o) (__fixunssfsi)
c:/archivos de programa/atmel/atmel studio 6.0/extensions/atmel/avrgcc/3.4.0.65/avrtoolchain/bin/../lib/gcc/avr/4.6.2/../../../../avr/lib/avr5\libm.a(floatsisf.o)
                              main.o (__floatsisf)
c:/archivos de programa/atmel/atmel studio 6.0/extensions/atmel/avrgcc/3.4.0.65/avrtoolchain/bin/../lib/gcc/avr/4.6.2/../../../../avr/lib/avr5\libm.a(fp_inf.o)
                              c:/archivos de programa/atmel/atmel studio 6.0/extensions/atmel/avrgcc/3.4.0.65/avrtoolchain/bin/../lib/gcc/avr/4.6.2/../../../../avr/lib/avr5\libm.a(addsf3x.o) (__fp_inf)
c:/archivos de programa/atmel/atmel studio 6.0/extensions/atmel/avrgcc/3.4.0.65/avrtoolchain/bin/../lib/gcc/avr/4.6.2/../../../../avr/lib/avr5\libm.a(fp_nan.o)
                              c:/archivos de programa/atmel/atmel studio 6.0/extensions/atmel/avrgcc/3.4.0.65/avrtoolchain/bin/../lib/gcc/avr/4.6.2/../../../../avr/lib/avr5\libm.a(addsf3x.o) (__fp_nan)
c:/archivos de programa/atmel/atmel studio 6.0/extensions/atmel/avrgcc/3.4.0.65/avrtoolchain/bin/../lib/gcc/avr/4.6.2/../../../../avr/lib/avr5\libm.a(fp_pscA.o)
                              c:/archivos de programa/atmel/atmel studio 6.0/extensions/atmel/avrgcc/3.4.0.65/avrtoolchain/bin/../lib/gcc/avr/4.6.2/../../../../avr/lib/avr5\libm.a(addsf3x.o) (__fp_pscA)
c:/archivos de programa/atmel/atmel studio 6.0/extensions/atmel/avrgcc/3.4.0.65/avrtoolchain/bin/../lib/gcc/avr/4.6.2/../../../../avr/lib/avr5\libm.a(fp_pscB.o)
                              c:/archivos de programa/atmel/atmel studio 6.0/extensions/atmel/avrgcc/3.4.0.65/avrtoolchain/bin/../lib/gcc/avr/4.6.2/../../../../avr/lib/avr5\libm.a(addsf3x.o) (__fp_pscB)
c:/archivos de programa/atmel/atmel studio 6.0/extensions/atmel/avrgcc/3.4.0.65/avrtoolchain/bin/../lib/gcc/avr/4.6.2/../../../../avr/lib/avr5\libm.a(fp_round.o)
                              c:/archivos de programa/atmel/atmel studio 6.0/extensions/atmel/avrgcc/3.4.0.65/avrtoolchain/bin/../lib/gcc/avr/4.6.2/../../../../avr/lib/avr5\libm.a(addsf3.o) (__fp_round)
c:/archivos de programa/atmel/atmel studio 6.0/extensions/atmel/avrgcc/3.4.0.65/avrtoolchain/bin/../lib/gcc/avr/4.6.2/../../../../avr/lib/avr5\libm.a(fp_split3.o)
                              c:/archivos de programa/atmel/atmel studio 6.0/extensions/atmel/avrgcc/3.4.0.65/avrtoolchain/bin/../lib/gcc/avr/4.6.2/../../../../avr/lib/avr5\libm.a(addsf3x.o) (__fp_split3)
c:/archivos de programa/atmel/atmel studio 6.0/extensions/atmel/avrgcc/3.4.0.65/avrtoolchain/bin/../lib/gcc/avr/4.6.2/../../../../avr/lib/avr5\libm.a(fp_zero.o)
                              c:/archivos de programa/atmel/atmel studio 6.0/extensions/atmel/avrgcc/3.4.0.65/avrtoolchain/bin/../lib/gcc/avr/4.6.2/../../../../avr/lib/avr5\libm.a(addsf3x.o) (__fp_zero)
c:/archivos de programa/atmel/atmel studio 6.0/extensions/atmel/avrgcc/3.4.0.65/avrtoolchain/bin/../lib/gcc/avr/4.6.2/../../../../avr/lib/avr5\libm.a(mulsf3.o)
                              main.o (__mulsf3)
c:/archivos de programa/atmel/atmel studio 6.0/extensions/atmel/avrgcc/3.4.0.65/avrtoolchain/bin/../lib/gcc/avr/4.6.2/../../../../avr/lib/avr5\libm.a(mulsf3x.o)
[...]
Memory Configuration

Name             Origin             Length             Attributes
text             0x00000000         0x00020000         xr
data             0x00800060         0x0000ffa0         rw !x
eeprom           0x00810000         0x00010000         rw !x
fuse             0x00820000         0x00000400         rw !x
lock             0x00830000         0x00000400         rw !x
signature        0x00840000         0x00000400         rw !x
*default*        0x00000000         0xffffffff

Linker script and memory map

Address of section .data set to 0x800100
LOAD c:/archivos de programa/atmel/atmel studio 6.0/extensions/atmel/avrgcc/3.4.0.65/avrtoolchain/bin/../lib/gcc/avr/4.6.2/../../../../avr/lib/avr5/crtm328p.o
LOAD main.o
START GROUP
LOAD c:/archivos de programa/atmel/atmel studio 6.0/extensions/atmel/avrgcc/3.4.0.65/avrtoolchain/bin/../lib/gcc/avr/4.6.2/../../../../avr/lib/avr5\libm.a
END GROUP
LOAD c:/archivos de programa/atmel/atmel studio 6.0/extensions/atmel/avrgcc/3.4.0.65/avrtoolchain/bin/../lib/gcc/avr/4.6.2/../../../../avr/lib\libpololu_atmega328p.a
LOAD c:/archivos de programa/atmel/atmel studio 6.0/extensions/atmel/avrgcc/3.4.0.65/avrtoolchain/bin/../lib/gcc/avr/4.6.2/avr5\libgcc.a
LOAD c:/archivos de programa/atmel/atmel studio 6.0/extensions/atmel/avrgcc/3.4.0.65/avrtoolchain/bin/../lib/gcc/avr/4.6.2/../../../../avr/lib/avr5\libc.a
LOAD c:/archivos de programa/atmel/atmel studio 6.0/extensions/atmel/avrgcc/3.4.0.65/avrtoolchain/bin/../lib/gcc/avr/4.6.2/avr5\libgcc.a

.hash
 *(.hash)

.dynsym
 *(.dynsym)

.dynstr
 *(.dynstr)

.gnu.version
 *(.gnu.version)

.gnu.version_d
 *(.gnu.version_d)

.gnu.version_r
 *(.gnu.version_r)

.rel.init
 *(.rel.init)

.rela.init
 *(.rela.init)

.rel.text
 *(.rel.text)
 *(.rel.text.*)
 *(.rel.gnu.linkonce.t*)

.rela.text
 *(.rela.text)
 *(.rela.text.*)
 *(.rela.gnu.linkonce.t*)

.rel.fini
 *(.rel.fini)

.rela.fini
 *(.rela.fini)

.rel.rodata
 *(.rel.rodata)
 *(.rel.rodata.*)
 *(.rel.gnu.linkonce.r*)

.rela.rodata
 *(.rela.rodata)
 *(.rela.rodata.*)
 *(.rela.gnu.linkonce.r*)

.rel.data
 *(.rel.data)
 *(.rel.data.*)
 *(.rel.gnu.linkonce.d*)

.rela.data
 *(.rela.data)
 *(.rela.data.*)
 *(.rela.gnu.linkonce.d*)

.rel.ctors
 *(.rel.ctors)

.rela.ctors
 *(.rela.ctors)

.rel.dtors
 *(.rel.dtors)

.rela.dtors
 *(.rela.dtors)

.rel.got
 *(.rel.got)

.rela.got
 *(.rela.got)

.rel.bss
 *(.rel.bss)

.rela.bss
 *(.rela.bss)

.rel.plt
 *(.rel.plt)

.rela.plt
 *(.rela.plt)

.text           0x00000000     0x24f6
 *(.vectors)
 .vectors       0x00000000       0x68 c:/archivos de programa/atmel/atmel studio 6.0/extensions/atmel/avrgcc/3.4.0.65/avrtoolchain/bin/../lib/gcc/avr/4.6.2/../../../../avr/lib/avr5/crtm328p.o
                0x00000000                __vector_default
                0x00000000                __vectors
 *(.vectors)
 *(.progmem.gcc*)
 *(.progmem*)
                0x00000068                . = ALIGN (0x2)
                0x00000068                __trampolines_start = .
 *(.trampolines)
 .trampolines   0x00000068        0x0 linker stubs
 *(.trampolines*)
                0x00000068                __trampolines_end = .
 *(.jumptables)
 *(.jumptables*)
 *(.lowtext)
 *(.lowtext*)
                0x00000068                __ctors_start = .
 *(.ctors)
 .ctors         0x00000068        0x2 c:/archivos de programa/atmel/atmel studio 6.0/extensions/atmel/avrgcc/3.4.0.65/avrtoolchain/bin/../lib/gcc/avr/4.6.2/../../../../avr/lib\libpololu_atmega328p.a(Pololu3pi.o)
                0x0000006a                __ctors_end = .
                0x0000006a                __dtors_start = .
 *(.dtors)
 .dtors         0x0000006a        0x2 c:/archivos de programa/atmel/atmel studio 6.0/extensions/atmel/avrgcc/3.4.0.65/avrtoolchain/bin/../lib/gcc/avr/4.6.2/../../../../avr/lib\libpololu_atmega328p.a(Pololu3pi.o)
                0x0000006c                __dtors_end = .
 SORT(*)(.ctors)
 SORT(*)(.dtors)
 *(.init0)
 .init0         0x0000006c        0x0 c:/archivos de programa/atmel/atmel studio 6.0/extensions/atmel/avrgcc/3.4.0.65/avrtoolchain/bin/../lib/gcc/avr/4.6.2/../../../../avr/lib/avr5/crtm328p.o
                0x0000006c                __init
 *(.init0)
 *(.init1)
 *(.init1)
 *(.init2)
 .init2         0x0000006c        0xc c:/archivos de programa/atmel/atmel studio 6.0/extensions/atmel/avrgcc/3.4.0.65/avrtoolchain/bin/../lib/gcc/avr/4.6.2/../../../../avr/lib/avr5/crtm328p.o
 *(.init2)
 *(.init3)
 *(.init3)
 *(.init4)
 .init4         0x00000078       0x16 c:/archivos de programa/atmel/atmel studio 6.0/extensions/atmel/avrgcc/3.4.0.65/avrtoolchain/bin/../lib/gcc/avr/4.6.2/avr5\libgcc.a(_copy_data.o)
                0x00000078                __do_copy_data
 .init4         0x0000008e       0x10 c:/archivos de programa/atmel/atmel studio 6.0/extensions/atmel/avrgcc/3.4.0.65/avrtoolchain/bin/../lib/gcc/avr/4.6.2/avr5\libgcc.a(_clear_bss.o)
                0x0000008e                __do_clear_bss
 *(.init4)
 *(.init5)
 *(.init5)
 *(.init6)
 .init6         0x0000009e       0x16 c:/archivos de programa/atmel/atmel studio 6.0/extensions/atmel/avrgcc/3.4.0.65/avrtoolchain/bin/../lib/gcc/avr/4.6.2/avr5\libgcc.a(_ctors.o)
                0x0000009e                __do_global_ctors
 *(.init6)
 *(.init7)
 *(.init7)
 *(.init8)
 *(.init8)
 *(.init9)
 .init9         0x000000b4        0x8 c:/archivos de programa/atmel/atmel studio 6.0/extensions/atmel/avrgcc/3.4.0.65/avrtoolchain/bin/../lib/gcc/avr/4.6.2/../../../../avr/lib/avr5/crtm328p.o
 *(.init9)
 *(.text)
 .text          0x000000bc        0x4 c:/archivos de programa/atmel/atmel studio 6.0/extensions/atmel/avrgcc/3.4.0.65/avrtoolchain/bin/../lib/gcc/avr/4.6.2/../../../../avr/lib/avr5/crtm328p.o
                0x000000bc                __vector_22
                0x000000bc                __vector_1
                0x000000bc                __vector_24
                0x000000bc                __vector_12
                0x000000bc                __bad_interrupt
                0x000000bc                __vector_6
                0x000000bc                __vector_3
                0x000000bc                __vector_23
                0x000000bc                __vector_25
                0x000000bc                __vector_11
                0x000000bc                __vector_13
                0x000000bc                __vector_17
                0x000000bc                __vector_19
                0x000000bc                __vector_7
                0x000000bc                __vector_5
                0x000000bc                __vector_4
                0x000000bc                __vector_2
                0x000000bc                __vector_21
                0x000000bc                __vector_15
                0x000000bc                __vector_8
                0x000000bc                __vector_14
                0x000000bc                __vector_10
                0x000000bc                __vector_16
                0x000000bc                __vector_18
                0x000000bc                __vector_20
 .text          0x000000c0      0xa42 main.o
                0x000000cc                initialize
                0x00000158                main
                0x00000b02                . = ALIGN (0x2)
 *(.text.*)
 .text.avr-libc.fplib
                0x00000b02        0xa c:/archivos de programa/atmel/atmel studio 6.0/extensions/atmel/avrgcc/3.4.0.65/avrtoolchain/bin/../lib/gcc/avr/4.6.2/../../../../avr/lib/avr5\libm.a(addsf3.o)
                0x00000b02                __subsf3
                0x00000b04                __addsf3
 .text.avr-libc.fplib
                0x00000b0c       0xc0 c:/archivos de programa/atmel/atmel studio 6.0/extensions/atmel/avrgcc/3.4.0.65/avrtoolchain/bin/../lib/gcc/avr/4.6.2/../../../../avr/lib/avr5\libm.a(addsf3x.o)
                0x00000b26                __addsf3x
 .text.avr-libc.fplib
                0x00000bcc        0x4 c:/archivos de programa/atmel/atmel studio 6.0/extensions/atmel/avrgcc/3.4.0.65/avrtoolchain/bin/../lib/gcc/avr/4.6.2/../../../../avr/lib/avr5\libm.a(divsf3.o)
                0x00000bcc                __divsf3
 .text.avr-libc.fplib
                0x00000bd0       0xcc c:/archivos de programa/atmel/atmel studio 6.0/extensions/atmel/avrgcc/3.4.0.65/avrtoolchain/bin/../lib/gcc/avr/4.6.2/../../../../avr/lib/avr5\libm.a(divsf3x.o)
                0x00000be6                __divsf3x
                0x00000bea                __divsf3_pse
 .text.avr-libc.fplib
                0x00000c9c        0xa c:/archivos de programa/atmel/atmel studio 6.0/extensions/atmel/avrgcc/3.4.0.65/avrtoolchain/bin/../lib/gcc/avr/4.6.2/../../../../avr/lib/avr5\libm.a(fixsfsi.o)
                0x00000c9c                __fixsfsi
 .text.avr-libc.fplib
                0x00000ca6       0x58 c:/archivos de programa/atmel/atmel studio 6.0/extensions/atmel/avrgcc/3.4.0.65/avrtoolchain/bin/../lib/gcc/avr/4.6.2/../../../../avr/lib/avr5\libm.a(fixunssfsi.o)
                0x00000ca6                __fixunssfsi
 .text.avr-libc.fplib
                0x00000cfe       0x7a c:/archivos de programa/atmel/atmel studio 6.0/extensions/atmel/avrgcc/3.4.0.65/avrtoolchain/bin/../lib/gcc/avr/4.6.2/../../../../avr/lib/avr5\libm.a(floatsisf.o)
                0x00000cfe                __floatunsisf
                0x00000d02                __floatsisf
 .text.avr-libc.fplib
                0x00000d78        0xc c:/archivos de programa/atmel/atmel studio 6.0/extensions/atmel/avrgcc/3.4.0.65/avrtoolchain/bin/../lib/gcc/avr/4.6.2/../../../../avr/lib/avr5\libm.a(fp_inf.o)
                0x00000d78                __fp_inf
 .text.avr-libc.fplib
                0x00000d84        0x6 c:/archivos de programa/atmel/atmel studio 6.0/extensions/atmel/avrgcc/3.4.0.65/avrtoolchain/bin/../lib/gcc/avr/4.6.2/../../../../avr/lib/avr5\libm.a(fp_nan.o)
                0x00000d84                __fp_nan
 .text.avr-libc.fplib
                0x00000d8a        0xe c:/archivos de programa/atmel/atmel studio 6.0/extensions/atmel/avrgcc/3.4.0.65/avrtoolchain/bin/../lib/gcc/avr/4.6.2/../../../../avr/lib/avr5\libm.a(fp_pscA.o)
                0x00000d8a                __fp_pscA
 .text.avr-libc.fplib
                0x00000d98        0xe c:/archivos de programa/atmel/atmel studio 6.0/extensions/atmel/avrgcc/3.4.0.65/avrtoolchain/bin/../lib/gcc/avr/4.6.2/../../../../avr/lib/avr5\libm.a(fp_pscB.o)
                0x00000d98                __fp_pscB
 .text.avr-libc.fplib
                0x00000da6       0x22 c:/archivos de programa/atmel/atmel studio 6.0/extensions/atmel/avrgcc/3.4.0.65/avrtoolchain/bin/../lib/gcc/avr/4.6.2/../../../../avr/lib/avr5\libm.a(fp_round.o)
                0x00000da6                __fp_round
 .text.avr-libc.fplib
                0x00000dc8       0x44 c:/archivos de programa/atmel/atmel studio 6.0/extensions/atmel/avrgcc/3.4.0.65/avrtoolchain/bin/../lib/gcc/avr/4.6.2/../../../../avr/lib/avr5\libm.a(fp_split3.o)
                0x00000dc8                __fp_split3
                0x00000dd8                __fp_splitA
 .text.avr-libc.fplib
                0x00000e0c        0xe c:/archivos de programa/atmel/atmel studio 6.0/extensions/atmel/avrgcc/3.4.0.65/avrtoolchain/bin/../lib/gcc/avr/4.6.2/../../../../avr/lib/avr5\libm.a(fp_zero.o)
                0x00000e0c                __fp_zero
                0x00000e0e                __fp_szero
 .text.avr-libc.fplib
                0x00000e1a        0x4 c:/archivos de programa/atmel/atmel studio 6.0/extensions/atmel/avrgcc/3.4.0.65/avrtoolchain/bin/../lib/gcc/avr/4.6.2/../../../../avr/lib/avr5\libm.a(mulsf3.o)
                0x00000e1a                __mulsf3
 .text.avr-libc.fplib
                0x00000e1e       0xc2 c:/archivos de programa/atmel/atmel studio 6.0/extensions/atmel/avrgcc/3.4.0.65/avrtoolchain/bin/../lib/gcc/avr/4.6.2/../../../../avr/lib/avr5\libm.a(mulsf3x.o)
                0x00000e32                __mulsf3x
                0x00000e36                __mulsf3_pse
 .text._ZN12OrangutanLCD8busyWaitEv
                0x00000ee0       0x98 c:/archivos de programa/atmel/atmel studio 6.0/extensions/atmel/avrgcc/3.4.0.65/avrtoolchain/bin/../lib/gcc/avr/4.6.2/../../../../avr/lib\libpololu_atmega328p.a(OrangutanLCD.o)
                0x00000ee0                OrangutanLCD::busyWait()
 .text._ZN12OrangutanLCD8sendDataEh
                0x00000f78       0x64 c:/archivos de programa/atmel/atmel studio 6.0/extensions/atmel/avrgcc/3.4.0.65/avrtoolchain/bin/../lib/gcc/avr/4.6.2/../../../../avr/lib\libpololu_atmega328p.a(OrangutanLCD.o)
                0x00000f78                OrangutanLCD::sendData(unsigned char)
 .text._ZN12OrangutanLCD5init2Ev
                0x00000fdc       0x7e c:/archivos de programa/atmel/atmel studio 6.0/extensions/atmel/avrgcc/3.4.0.65/avrtoolchain/bin/../lib/gcc/avr/4.6.2/../../../../avr/lib\libpololu_atmega328p.a(OrangutanLCD.o)
                0x00000fdc                OrangutanLCD::init2()
 .text._ZN12OrangutanLCD4initEv
                0x0000105a       0x14 c:/archivos de programa/atmel/atmel studio 6.0/extensions/atmel/avrgcc/3.4.0.65/avrtoolchain/bin/../lib/gcc/avr/4.6.2/../../../../avr/lib\libpololu_atmega328p.a(OrangutanLCD.o)
                0x0000105a                OrangutanLCD::init()
 .text._ZN12OrangutanLCD4sendEhhh
                0x0000106e       0x68 c:/archivos de programa/atmel/atmel studio 6.0/extensions/atmel/avrgcc/3.4.0.65/avrtoolchain/bin/../lib/gcc/avr/4.6.2/../../../../avr/lib\libpololu_atmega328p.a(OrangutanLCD.o)
                0x0000106e                OrangutanLCD::send(unsigned char, unsigned char, unsigned char)
 .text._ZN12OrangutanLCD8send_cmdEh
                0x000010d6        0xa c:/archivos de programa/atmel/atmel studio 6.0/extensions/atmel/avrgcc/3.4.0.65/avrtoolchain/bin/../lib/gcc/avr/4.6.2/../../../../avr/lib\libpololu_atmega328p.a(OrangutanLCD.o)
                0x000010d6                OrangutanLCD::send_cmd(unsigned char)
 .text._ZN12OrangutanLCD6gotoXYEhh
                0x000010e0       0x3e c:/archivos de programa/atmel/atmel studio 6.0/extensions/atmel/avrgcc/3.4.0.65/avrtoolchain/bin/../lib/gcc/avr/4.6.2/../../../../avr/lib\libpololu_atmega328p.a(OrangutanLCD.o)
                0x000010e0                OrangutanLCD::gotoXY(unsigned char, unsigned char)
 .text.lcd_goto_xy
                0x0000111e        0x6 c:/archivos de programa/atmel/atmel studio 6.0/extensions/atmel/avrgcc/3.4.0.65/avrtoolchain/bin/../lib/gcc/avr/4.6.2/../../../../avr/lib\libpololu_atmega328p.a(OrangutanLCD.o)
                0x0000111e                lcd_goto_xy
 .text._ZN12OrangutanLCD5clearEv
                0x00001124       0x5a c:/archivos de programa/atmel/atmel studio 6.0/extensions/atmel/avrgcc/3.4.0.65/avrtoolchain/bin/../lib/gcc/avr/4.6.2/../../../../avr/lib\libpololu_atmega328p.a(OrangutanLCD.o)
                0x00001124                OrangutanLCD::clear()
 .text.clear    0x0000117e        0x6 c:/archivos de programa/atmel/atmel studio 6.0/extensions/atmel/avrgcc/3.4.0.65/avrtoolchain/bin/../lib/gcc/avr/4.6.2/../../../../avr/lib\libpololu_atmega328p.a(OrangutanLCD.o)
                0x0000117e                clear
 .text._ZN12OrangutanLCD9send_dataEh
                0x00001184        0xa c:/archivos de programa/atmel/atmel studio 6.0/extensions/atmel/avrgcc/3.4.0.65/avrtoolchain/bin/../lib/gcc/avr/4.6.2/../../../../avr/lib\libpololu_atmega328p.a(OrangutanLCD.o)
                0x00001184                OrangutanLCD::send_data(unsigned char)
 .text._ZN12OrangutanLCD5printEm
                0x0000118e       0xc0 c:/archivos de programa/atmel/atmel studio 6.0/extensions/atmel/avrgcc/3.4.0.65/avrtoolchain/bin/../lib/gcc/avr/4.6.2/../../../../avr/lib\libpololu_atmega328p.a(OrangutanLCD.o)
                0x0000118e                OrangutanLCD::print(unsigned long)
 .text._ZN12OrangutanLCD5printEl
                0x0000124e       0x38 c:/archivos de programa/atmel/atmel studio 6.0/extensions/atmel/avrgcc/3.4.0.65/avrtoolchain/bin/../lib/gcc/avr/4.6.2/../../../../avr/lib\libpololu_atmega328p.a(OrangutanLCD.o)
                0x0000124e                OrangutanLCD::print(long)
 .text.print_long
                0x00001286        0x6 c:/archivos de programa/atmel/atmel studio 6.0/extensions/atmel/avrgcc/3.4.0.65/avrtoolchain/bin/../lib/gcc/avr/4.6.2/../../../../avr/lib\libpololu_atmega328p.a(OrangutanLCD.o)
                0x00001286                print_long
 .text._ZN12OrangutanLCD5printEPKc
                0x0000128c       0x1a c:/archivos de programa/atmel/atmel studio 6.0/extensions/atmel/avrgcc/3.4.0.65/avrtoolchain/bin/../lib/gcc/avr/4.6.2/../../../../avr/lib\libpololu_atmega328p.a(OrangutanLCD.o)
                0x0000128c                OrangutanLCD::print(char const*)
 .text.print    0x000012a6        0x6 c:/archivos de programa/atmel/atmel studio 6.0/extensions/atmel/avrgcc/3.4.0.65/avrtoolchain/bin/../lib/gcc/avr/4.6.2/../../../../avr/lib\libpololu_atmega328p.a(OrangutanLCD.o)
                0x000012a6                print
 .text._ZN12OrangutanLCD13send_4bit_cmdEh
                0x000012ac        0xa c:/archivos de programa/atmel/atmel studio 6.0/extensions/atmel/avrgcc/3.4.0.65/avrtoolchain/bin/../lib/gcc/avr/4.6.2/../../../../avr/lib\libpololu_atmega328p.a(OrangutanLCD.o)
                0x000012ac                OrangutanLCD::send_4bit_cmd(unsigned char)
 .text._ZN16OrangutanDigital9setOutputEhh
                0x000012b6       0x98 c:/archivos de programa/atmel/atmel studio 6.0/extensions/atmel/avrgcc/3.4.0.65/avrtoolchain/bin/../lib/gcc/avr/4.6.2/../../../../avr/lib\libpololu_atmega328p.a(OrangutanMotors.o)
                0x000012b6                OrangutanDigital::setOutput(unsigned char, unsigned char)
 .text._ZN15OrangutanMotors5init2Ev
                0x0000134e       0x50 c:/archivos de programa/atmel/atmel studio 6.0/extensions/atmel/avrgcc/3.4.0.65/avrtoolchain/bin/../lib/gcc/avr/4.6.2/../../../../avr/lib\libpololu_atmega328p.a(OrangutanMotors.o)
                0x0000134e                OrangutanMotors::init2()
 .text._ZN15OrangutanMotors4initEv
                0x0000139e       0x14 c:/archivos de programa/atmel/atmel studio 6.0/extensions/atmel/avrgcc/3.4.0.65/avrtoolchain/bin/../lib/gcc/avr/4.6.2/../../../../avr/lib\libpololu_atmega328p.a(OrangutanMotors.o)
                0x0000139e                OrangutanMotors::init()
 .text._ZN15OrangutanMotors10setM1SpeedEi
                0x000013b2       0x3c c:/archivos de programa/atmel/atmel studio 6.0/extensions/atmel/avrgcc/3.4.0.65/avrtoolchain/bin/../lib/gcc/avr/4.6.2/../../../../avr/lib\libpololu_atmega328p.a(OrangutanMotors.o)
                0x000013b2                OrangutanMotors::setM1Speed(int)
 .text._ZN15OrangutanMotors10setM2SpeedEi
                0x000013ee       0x44 c:/archivos de programa/atmel/atmel studio 6.0/extensions/atmel/avrgcc/3.4.0.65/avrtoolchain/bin/../lib/gcc/avr/4.6.2/../../../../avr/lib\libpololu_atmega328p.a(OrangutanMotors.o)
                0x000013ee                OrangutanMotors::setM2Speed(int)
 .text._ZN15OrangutanMotors9setSpeedsEii
                0x00001432       0x16 c:/archivos de programa/atmel/atmel studio 6.0/extensions/atmel/avrgcc/3.4.0.65/avrtoolchain/bin/../lib/gcc/avr/4.6.2/../../../../avr/lib\libpololu_atmega328p.a(OrangutanMotors.o)
                0x00001432                OrangutanMotors::setSpeeds(int, int)
 .text.set_motors
                0x00001448        0x6 c:/archivos de programa/atmel/atmel studio 6.0/extensions/atmel/avrgcc/3.4.0.65/avrtoolchain/bin/../lib/gcc/avr/4.6.2/../../../../avr/lib\libpololu_atmega328p.a(OrangutanMotors.o)
                0x00001448                set_motors
 .text.button_is_pressed
                0x0000144e       0x36 c:/archivos de programa/atmel/atmel studio 6.0/extensions/atmel/avrgcc/3.4.0.65/avrtoolchain/bin/../lib/gcc/avr/4.6.2/../../../../avr/lib\libpololu_atmega328p.a(OrangutanPushbuttons.o)
                0x0000144e                button_is_pressed
 .text._ZN20OrangutanPushbuttons14waitForReleaseEh
                0x00001484       0x64 c:/archivos de programa/atmel/atmel studio 6.0/extensions/atmel/avrgcc/3.4.0.65/avrtoolchain/bin/../lib/gcc/avr/4.6.2/../../../../avr/lib\libpololu_atmega328p.a(OrangutanPushbuttons.o)
                0x00001484                OrangutanPushbuttons::waitForRelease(unsigned char)
 .text.wait_for_button_release
                0x000014e8        0x6 c:/archivos de programa/atmel/atmel studio 6.0/extensions/atmel/avrgcc/3.4.0.65/avrtoolchain/bin/../lib/gcc/avr/4.6.2/../../../../avr/lib\libpololu_atmega328p.a(OrangutanPushbuttons.o)
                0x000014e8                wait_for_button_release
 .text.__vector_9
                0x000014ee       0x74 c:/archivos de programa/atmel/atmel studio 6.0/extensions/atmel/avrgcc/3.4.0.65/avrtoolchain/bin/../lib/gcc/avr/4.6.2/../../../../avr/lib\libpololu_atmega328p.a(OrangutanTime.o)
                0x000014ee                __vector_9
 .text.delay_ms
                0x00001562       0x1e c:/archivos de programa/atmel/atmel studio 6.0/extensions/atmel/avrgcc/3.4.0.65/avrtoolchain/bin/../lib/gcc/avr/4.6.2/../../../../avr/lib\libpololu_atmega328p.a(OrangutanTime.o)
                0x00001562                delay_ms
 .text._ZN13OrangutanTime5init2Ev
                0x00001580       0x30 c:/archivos de programa/atmel/atmel studio 6.0/extensions/atmel/avrgcc/3.4.0.65/avrtoolchain/bin/../lib/gcc/avr/4.6.2/../../../../avr/lib\libpololu_atmega328p.a(OrangutanTime.o)
                0x00001580                OrangutanTime::init2()
 .text._ZN13OrangutanTime4initEv
                0x000015b0       0x14 c:/archivos de programa/atmel/atmel studio 6.0/extensions/atmel/avrgcc/3.4.0.65/avrtoolchain/bin/../lib/gcc/avr/4.6.2/../../../../avr/lib\libpololu_atmega328p.a(OrangutanTime.o)
                0x000015b0                OrangutanTime::init()
 .text._ZN13OrangutanTime5resetEv
                0x000015c4       0x2e c:/archivos de programa/atmel/atmel studio 6.0/extensions/atmel/avrgcc/3.4.0.65/avrtoolchain/bin/../lib/gcc/avr/4.6.2/../../../../avr/lib\libpololu_atmega328p.a(OrangutanTime.o)
                0x000015c4                OrangutanTime::reset()
 .text._GLOBAL__I_pololu_3pi_init
                0x000015f2        0x2 c:/archivos de programa/atmel/atmel studio 6.0/extensions/atmel/avrgcc/3.4.0.65/avrtoolchain/bin/../lib/gcc/avr/4.6.2/../../../../avr/lib\libpololu_atmega328p.a(Pololu3pi.o)
 .text._GLOBAL__D_pololu_3pi_init
                0x000015f4        0xa c:/archivos de programa/atmel/atmel studio 6.0/extensions/atmel/avrgcc/3.4.0.65/avrtoolchain/bin/../lib/gcc/avr/4.6.2/../../../../avr/lib\libpololu_atmega328p.a(Pololu3pi.o)
 .text.read_line
                0x000015fe       0x12 c:/archivos de programa/atmel/atmel studio 6.0/extensions/atmel/avrgcc/3.4.0.65/avrtoolchain/bin/../lib/gcc/avr/4.6.2/../../../../avr/lib\libpololu_atmega328p.a(Pololu3pi.o)
                0x000015fe                read_line
 .text.calibrate_line_sensors
                0x00001610        0xc c:/archivos de programa/atmel/atmel studio 6.0/extensions/atmel/avrgcc/3.4.0.65/avrtoolchain/bin/../lib/gcc/avr/4.6.2/../../../../avr/lib\libpololu_atmega328p.a(Pololu3pi.o)
                0x00001610                calibrate_line_sensors
 .text._ZN9Pololu3pi4initEjh
                0x0000161c       0x64 c:/archivos de programa/atmel/atmel studio 6.0/extensions/atmel/avrgcc/3.4.0.65/avrtoolchain/bin/../lib/gcc/avr/4.6.2/../../../../avr/lib\libpololu_atmega328p.a(Pololu3pi.o)
                0x0000161c                Pololu3pi::init(unsigned int, unsigned char)
 .text.pololu_3pi_init
                0x00001680        0x8 c:/archivos de programa/atmel/atmel studio 6.0/extensions/atmel/avrgcc/3.4.0.65/avrtoolchain/bin/../lib/gcc/avr/4.6.2/../../../../avr/lib\libpololu_atmega328p.a(Pololu3pi.o)
                0x00001680                pololu_3pi_init
 .text._ZN16PololuQTRSensors4initEhhh
                0x00001688       0x9a c:/archivos de programa/atmel/atmel studio 6.0/extensions/atmel/avrgcc/3.4.0.65/avrtoolchain/bin/../lib/gcc/avr/4.6.2/../../../../avr/lib\libpololu_atmega328p.a(PololuQTRSensors.o)
                0x00001688                PololuQTRSensors::init(unsigned char, unsigned char, unsigned char)
 .text._ZN16PololuQTRSensors11emittersOffEv
                0x00001722       0x30 c:/archivos de programa/atmel/atmel studio 6.0/extensions/atmel/avrgcc/3.4.0.65/avrtoolchain/bin/../lib/gcc/avr/4.6.2/../../../../avr/lib\libpololu_atmega328p.a(PololuQTRSensors.o)
                0x00001722                PololuQTRSensors::emittersOff()
 .text._ZN18PololuQTRSensorsRC4initEPhhjh
                0x00001752       0xf6 c:/archivos de programa/atmel/atmel studio 6.0/extensions/atmel/avrgcc/3.4.0.65/avrtoolchain/bin/../lib/gcc/avr/4.6.2/../../../../avr/lib\libpololu_atmega328p.a(PololuQTRSensors.o)
                0x00001752                PololuQTRSensorsRC::init(unsigned char*, unsigned char, unsigned int, unsigned char)
 .text._ZN18PololuQTRSensorsRC11readPrivateEPj
                0x00001848      0x18e c:/archivos de programa/atmel/atmel studio 6.0/extensions/atmel/avrgcc/3.4.0.65/avrtoolchain/bin/../lib/gcc/avr/4.6.2/../../../../avr/lib\libpololu_atmega328p.a(PololuQTRSensors.o)
                0x00001848                PololuQTRSensorsRC::readPrivate(unsigned int*)
 .text._ZN22PololuQTRSensorsAnalog11readPrivateEPj
                0x000019d6       0xf8 c:/archivos de programa/atmel/atmel studio 6.0/extensions/atmel/avrgcc/3.4.0.65/avrtoolchain/bin/../lib/gcc/avr/4.6.2/../../../../avr/lib\libpololu_atmega328p.a(PololuQTRSensors.o)
                0x000019d6                PololuQTRSensorsAnalog::readPrivate(unsigned int*)
 .text._ZN16PololuQTRSensors4readEPjh
                0x00001ace      0x13e c:/archivos de programa/atmel/atmel studio 6.0/extensions/atmel/avrgcc/3.4.0.65/avrtoolchain/bin/../lib/gcc/avr/4.6.2/../../../../avr/lib\libpololu_atmega328p.a(PololuQTRSensors.o)
                0x00001ace                PololuQTRSensors::read(unsigned int*, unsigned char)
 .text._ZN16PololuQTRSensors14readCalibratedEPjh
                0x00001c0c      0x17a c:/archivos de programa/atmel/atmel studio 6.0/extensions/atmel/avrgcc/3.4.0.65/avrtoolchain/bin/../lib/gcc/avr/4.6.2/../../../../avr/lib\libpololu_atmega328p.a(PololuQTRSensors.o)
                0x00001c0c                PololuQTRSensors::readCalibrated(unsigned int*, unsigned char)
 .text._ZN16PololuQTRSensors8readLineEPjhh
                0x00001d86      0x11a c:/archivos de programa/atmel/atmel studio 6.0/extensions/atmel/avrgcc/3.4.0.65/avrtoolchain/bin/../lib/gcc/avr/4.6.2/../../../../avr/lib\libpololu_atmega328p.a(PololuQTRSensors.o)
                0x00001d86                PololuQTRSensors::readLine(unsigned int*, unsigned char, unsigned char)
 .text._ZN16PololuQTRSensorsD2Ev
                0x00001ea0       0x3c c:/archivos de programa/atmel/atmel studio 6.0/extensions/atmel/avrgcc/3.4.0.65/avrtoolchain/bin/../lib/gcc/avr/4.6.2/../../../../avr/lib\libpololu_atmega328p.a(PololuQTRSensors.o)
                0x00001ea0                PololuQTRSensors::~PololuQTRSensors()
 .text._ZN16PololuQTRSensors16calibrateOnOrOffEPPjS1_h
                0x00001edc      0x204 c:/archivos de programa/atmel/atmel studio 6.0/extensions/atmel/avrgcc/3.4.0.65/avrtoolchain/bin/../lib/gcc/avr/4.6.2/../../../../avr/lib\libpololu_atmega328p.a(PololuQTRSensors.o)
                0x00001edc                PololuQTRSensors::calibrateOnOrOff(unsigned int**, unsigned int**, unsigned char)
 .text._ZN16PololuQTRSensors9calibrateEh
                0x000020e0       0x44 c:/archivos de programa/atmel/atmel studio 6.0/extensions/atmel/avrgcc/3.4.0.65/avrtoolchain/bin/../lib/gcc/avr/4.6.2/../../../../avr/lib\libpololu_atmega328p.a(PololuQTRSensors.o)
                0x000020e0                PololuQTRSensors::calibrate(unsigned char)
 .text.libgcc   0x00002124       0x3e c:/archivos de programa/atmel/atmel studio 6.0/extensions/atmel/avrgcc/3.4.0.65/avrtoolchain/bin/../lib/gcc/avr/4.6.2/avr5\libgcc.a(_mulsi3.o)
                0x00002124                __mulsi3
 .text.libgcc   0x00002162       0x28 c:/archivos de programa/atmel/atmel studio 6.0/extensions/atmel/avrgcc/3.4.0.65/avrtoolchain/bin/../lib/gcc/avr/4.6.2/avr5\libgcc.a(_udivmodhi4.o)
                0x00002162                __udivmodhi4
 .text.libgcc   0x0000218a       0x44 c:/archivos de programa/atmel/atmel studio 6.0/extensions/atmel/avrgcc/3.4.0.65/avrtoolchain/bin/../lib/gcc/avr/4.6.2/avr5\libgcc.a(_udivmodsi4.o)
                0x0000218a                __udivmodsi4
 .text.libgcc   0x000021ce       0x36 c:/archivos de programa/atmel/atmel studio 6.0/extensions/atmel/avrgcc/3.4.0.65/avrtoolchain/bin/../lib/gcc/avr/4.6.2/avr5\libgcc.a(_divmodsi4.o)
                0x000021ce                __divmodsi4
 .text.libgcc   0x00002204       0x38 c:/archivos de programa/atmel/atmel studio 6.0/extensions/atmel/avrgcc/3.4.0.65/avrtoolchain/bin/../lib/gcc/avr/4.6.2/avr5\libgcc.a(_prologue.o)
                0x00002204                __prologue_saves__
 .text.libgcc   0x0000223c       0x36 c:/archivos de programa/atmel/atmel studio 6.0/extensions/atmel/avrgcc/3.4.0.65/avrtoolchain/bin/../lib/gcc/avr/4.6.2/avr5\libgcc.a(_epilogue.o)
                0x0000223c                __epilogue_restores__
 .text.libgcc   0x00002272        0xc c:/archivos de programa/atmel/atmel studio 6.0/extensions/atmel/avrgcc/3.4.0.65/avrtoolchain/bin/../lib/gcc/avr/4.6.2/avr5\libgcc.a(_tablejump.o)
                0x00002272                __tablejump2__
                0x00002276                __tablejump__
 .text.avr-libc
                0x0000227e      0x25e c:/archivos de programa/atmel/atmel studio 6.0/extensions/atmel/avrgcc/3.4.0.65/avrtoolchain/bin/../lib/gcc/avr/4.6.2/../../../../avr/lib/avr5\libc.a(malloc.o)
                0x0000227e                malloc
                0x000023aa                free
                0x000024dc                . = ALIGN (0x2)
 *(.fini9)
 .fini9         0x000024dc        0x0 c:/archivos de programa/atmel/atmel studio 6.0/extensions/atmel/avrgcc/3.4.0.65/avrtoolchain/bin/../lib/gcc/avr/4.6.2/avr5\libgcc.a(_exit.o)
                0x000024dc                _exit
                0x000024dc                exit
 *(.fini9)
 *(.fini8)
 *(.fini8)
 *(.fini7)
 *(.fini7)
 *(.fini6)
 .fini6         0x000024dc       0x16 c:/archivos de programa/atmel/atmel studio 6.0/extensions/atmel/avrgcc/3.4.0.65/avrtoolchain/bin/../lib/gcc/avr/4.6.2/avr5\libgcc.a(_dtors.o)
                0x000024dc                __do_global_dtors
 *(.fini6)
 *(.fini5)
 *(.fini5)
 *(.fini4)
 *(.fini4)
 *(.fini3)
 *(.fini3)
 *(.fini2)
 *(.fini2)
 *(.fini1)
 *(.fini1)
 *(.fini0)
 .fini0         0x000024f2        0x4 c:/archivos de programa/atmel/atmel studio 6.0/extensions/atmel/avrgcc/3.4.0.65/avrtoolchain/bin/../lib/gcc/avr/4.6.2/avr5\libgcc.a(_exit.o)
 *(.fini0)
                0x000024f6                _etext = .

.data           0x00800100       0x1a load address 0x000024f6
                0x00800100                PROVIDE (__data_start, .)
 *(.data)
 .data          0x00800100        0xc main.o
 .data          0x0080010c        0x2 c:/archivos de programa/atmel/atmel studio 6.0/extensions/atmel/avrgcc/3.4.0.65/avrtoolchain/bin/../lib/gcc/avr/4.6.2/../../../../avr/lib\libpololu_atmega328p.a(OrangutanLCD.o)
                0x0080010c                numLCDRows
                0x0080010d                numLCDCols
 .data          0x0080010e        0x5 c:/archivos de programa/atmel/atmel studio 6.0/extensions/atmel/avrgcc/3.4.0.65/avrtoolchain/bin/../lib/gcc/avr/4.6.2/../../../../avr/lib\libpololu_atmega328p.a(Pololu3pi.o)
 .data          0x00800113        0x6 c:/archivos de programa/atmel/atmel studio 6.0/extensions/atmel/avrgcc/3.4.0.65/avrtoolchain/bin/../lib/gcc/avr/4.6.2/../../../../avr/lib/avr5\libc.a(malloc.o)
                0x00800113                __malloc_heap_end
                0x00800115                __malloc_heap_start
                0x00800117                __malloc_margin
 *(.data*)
 *(.rodata)
 *(.rodata*)
 *(.gnu.linkonce.d*)
                0x0080011a                . = ALIGN (0x2)
 *fill*         0x00800119        0x1 00
                0x0080011a                _edata = .
                0x0080011a                PROVIDE (__data_end, .)

.bss            0x0080011a       0x6e
                0x0080011a                PROVIDE (__bss_start, .)
 *(.bss)
 .bss           0x0080011a        0x9 c:/archivos de programa/atmel/atmel studio 6.0/extensions/atmel/avrgcc/3.4.0.65/avrtoolchain/bin/../lib/gcc/avr/4.6.2/../../../../avr/lib\libpololu_atmega328p.a(OrangutanLCD.o)
                0x0080011a                printf_chars
                0x0080011c                row
                0x0080011d                col
                0x0080011e                lcdTimeout
                0x00800122                OrangutanLCD::init()::initialized
 .bss           0x00800123        0x1 c:/archivos de programa/atmel/atmel studio 6.0/extensions/atmel/avrgcc/3.4.0.65/avrtoolchain/bin/../lib/gcc/avr/4.6.2/../../../../avr/lib\libpololu_atmega328p.a(OrangutanMotors.o)
                0x00800123                OrangutanMotors::init()::initialized
 .bss           0x00800124        0xd c:/archivos de programa/atmel/atmel studio 6.0/extensions/atmel/avrgcc/3.4.0.65/avrtoolchain/bin/../lib/gcc/avr/4.6.2/../../../../avr/lib\libpololu_atmega328p.a(OrangutanPushbuttons.o)
                0x00800124                OrangutanPushbuttons::init()::initialized
 .bss           0x00800131        0xb c:/archivos de programa/atmel/atmel studio 6.0/extensions/atmel/avrgcc/3.4.0.65/avrtoolchain/bin/../lib/gcc/avr/4.6.2/../../../../avr/lib\libpololu_atmega328p.a(OrangutanTime.o)
                0x00800131                tickCount
                0x00800135                msCounter
                0x00800139                us_over_10
                0x0080013b                OrangutanTime::init()::initialized
 .bss           0x0080013c       0x44 c:/archivos de programa/atmel/atmel studio 6.0/extensions/atmel/avrgcc/3.4.0.65/avrtoolchain/bin/../lib/gcc/avr/4.6.2/../../../../avr/lib\libpololu_atmega328p.a(Pololu3pi.o)
 .bss           0x00800180        0x4 c:/archivos de programa/atmel/atmel studio 6.0/extensions/atmel/avrgcc/3.4.0.65/avrtoolchain/bin/../lib/gcc/avr/4.6.2/../../../../avr/lib\libpololu_atmega328p.a(PololuQTRSensors.o)
 *(.bss*)
 *(COMMON)
 COMMON         0x00800184        0x4 c:/archivos de programa/atmel/atmel studio 6.0/extensions/atmel/avrgcc/3.4.0.65/avrtoolchain/bin/../lib/gcc/avr/4.6.2/../../../../avr/lib/avr5\libc.a(malloc.o)
                0x00800184                __brkval
                0x00800186                __flp
                0x00800188                PROVIDE (__bss_end, .)
                0x000024f6                __data_load_start = LOADADDR (.data)
                0x00002510                __data_load_end = (__data_load_start + SIZEOF (.data))

.noinit         0x00800188        0x0
                0x00800188                PROVIDE (__noinit_start, .)
 *(.noinit*)
                0x00800188                PROVIDE (__noinit_end, .)
                0x00800188                _end = .
                0x00800188                PROVIDE (__heap_start, .)

.eeprom         0x00810000        0x0
 *(.eeprom*)
                0x00810000                __eeprom_end = .

.fuse
 *(.fuse)
 *(.lfuse)
 *(.hfuse)
 *(.efuse)

.lock
 *(.lock*)

.signature
 *(.signature*)

.stab           0x00000000     0x5fc4
 *(.stab)
 .stab          0x00000000      0x6cc c:/archivos de programa/atmel/atmel studio 6.0/extensions/atmel/avrgcc/3.4.0.65/avrtoolchain/bin/../lib/gcc/avr/4.6.2/../../../../avr/lib/avr5/crtm328p.o
 .stab          0x000006cc       0x78 c:/archivos de programa/atmel/atmel studio 6.0/extensions/atmel/avrgcc/3.4.0.65/avrtoolchain/bin/../lib/gcc/avr/4.6.2/../../../../avr/lib/avr5\libm.a(addsf3.o)
                                 0x84 (size before relaxing)
 .stab          0x00000744      0x4bc c:/archivos de programa/atmel/atmel studio 6.0/extensions/atmel/avrgcc/3.4.0.65/avrtoolchain/bin/../lib/gcc/avr/4.6.2/../../../../avr/lib/avr5\libm.a(addsf3x.o)
                                0x4c8 (size before relaxing)
 .stab          0x00000c00       0x48 c:/archivos de programa/atmel/atmel studio 6.0/extensions/atmel/avrgcc/3.4.0.65/avrtoolchain/bin/../lib/gcc/avr/4.6.2/../../../../avr/lib/avr5\libm.a(divsf3.o)
                                 0x54 (size before relaxing)
 .stab          0x00000c48      0x510 c:/archivos de programa/atmel/atmel studio 6.0/extensions/atmel/avrgcc/3.4.0.65/avrtoolchain/bin/../lib/gcc/avr/4.6.2/../../../../avr/lib/avr5\libm.a(divsf3x.o)
                                0x51c (size before relaxing)
 .stab          0x00001158       0x6c c:/archivos de programa/atmel/atmel studio 6.0/extensions/atmel/avrgcc/3.4.0.65/avrtoolchain/bin/../lib/gcc/avr/4.6.2/../../../../avr/lib/avr5\libm.a(fixsfsi.o)
                                 0x78 (size before relaxing)
 .stab          0x000011c4      0x240 c:/archivos de programa/atmel/atmel studio 6.0/extensions/atmel/avrgcc/3.4.0.65/avrtoolchain/bin/../lib/gcc/avr/4.6.2/../../../../avr/lib/avr5\libm.a(fixunssfsi.o)
                                0x24c (size before relaxing)
 .stab          0x00001404      0x318 c:/archivos de programa/atmel/atmel studio 6.0/extensions/atmel/avrgcc/3.4.0.65/avrtoolchain/bin/../lib/gcc/avr/4.6.2/../../../../avr/lib/avr5\libm.a(floatsisf.o)
                                0x324 (size before relaxing)
 .stab          0x0000171c       0x78 c:/archivos de programa/atmel/atmel studio 6.0/extensions/atmel/avrgcc/3.4.0.65/avrtoolchain/bin/../lib/gcc/avr/4.6.2/../../../../avr/lib/avr5\libm.a(fp_inf.o)
                                 0x84 (size before relaxing)
 .stab          0x00001794       0x54 c:/archivos de programa/atmel/atmel studio 6.0/extensions/atmel/avrgcc/3.4.0.65/avrtoolchain/bin/../lib/gcc/avr/4.6.2/../../../../avr/lib/avr5\libm.a(fp_nan.o)
                                 0x60 (size before relaxing)
 .stab          0x000017e8       0x84 c:/archivos de programa/atmel/atmel studio 6.0/extensions/atmel/avrgcc/3.4.0.65/avrtoolchain/bin/../lib/gcc/avr/4.6.2/../../../../avr/lib/avr5\libm.a(fp_pscA.o)
                                 0x90 (size before relaxing)
 .stab          0x0000186c       0x84 c:/archivos de programa/atmel/atmel studio 6.0/extensions/atmel/avrgcc/3.4.0.65/avrtoolchain/bin/../lib/gcc/avr/4.6.2/../../../../avr/lib/avr5\libm.a(fp_pscB.o)
                                 0x90 (size before relaxing)
 .stab          0x000018f0       0xfc c:/archivos de programa/atmel/atmel studio 6.0/extensions/atmel/avrgcc/3.4.0.65/avrtoolchain/bin/../lib/gcc/avr/4.6.2/../../../../avr/lib/avr5\libm.a(fp_round.o)
                                0x108 (size before relaxing)
 .stab          0x000019ec      0x1d4 c:/archivos de programa/atmel/atmel studio 6.0/extensions/atmel/avrgcc/3.4.0.65/avrtoolchain/bin/../lib/gcc/avr/4.6.2/../../../../avr/lib/avr5\libm.a(fp_split3.o)
                                0x1e0 (size before relaxing)
 .stab          0x00001bc0       0x90 c:/archivos de programa/atmel/atmel studio 6.0/extensions/atmel/avrgcc/3.4.0.65/avrtoolchain/bin/../lib/gcc/avr/4.6.2/../../../../avr/lib/avr5\libm.a(fp_zero.o)
                                 0x9c (size before relaxing)
 .stab          0x00001c50       0x48 c:/archivos de programa/atmel/atmel studio 6.0/extensions/atmel/avrgcc/3.4.0.65/avrtoolchain/bin/../lib/gcc/avr/4.6.2/../../../../avr/lib/avr5\libm.a(mulsf3.o)
                                 0x54 (size before relaxing)
 .stab          0x00001c98      0x4d4 c:/archivos de programa/atmel/atmel studio 6.0/extensions/atmel/avrgcc/3.4.0.65/avrtoolchain/bin/../lib/gcc/avr/4.6.2/../../../../avr/lib/avr5\libm.a(mulsf3x.o)
                                0x4e0 (size before relaxing)
 .stab          0x0000216c     0x1110 c:/archivos de programa/atmel/atmel studio 6.0/extensions/atmel/avrgcc/3.4.0.65/avrtoolchain/bin/../lib/gcc/avr/4.6.2/../../../../avr/lib\libpololu_atmega328p.a(OrangutanLCD.o)
                               0x1e84 (size before relaxing)
 .stab          0x0000327c      0x7b0 c:/archivos de programa/atmel/atmel studio 6.0/extensions/atmel/avrgcc/3.4.0.65/avrtoolchain/bin/../lib/gcc/avr/4.6.2/../../../../avr/lib\libpololu_atmega328p.a(OrangutanMotors.o)
                                0x900 (size before relaxing)
 .stab          0x00003a2c      0x600 c:/archivos de programa/atmel/atmel studio 6.0/extensions/atmel/avrgcc/3.4.0.65/avrtoolchain/bin/../lib/gcc/avr/4.6.2/../../../../avr/lib\libpololu_atmega328p.a(OrangutanPushbuttons.o)
                                0xe4c (size before relaxing)
 .stab          0x0000402c      0x5f4 c:/archivos de programa/atmel/atmel studio 6.0/extensions/atmel/avrgcc/3.4.0.65/avrtoolchain/bin/../lib/gcc/avr/4.6.2/../../../../avr/lib\libpololu_atmega328p.a(OrangutanTime.o)
                                0x900 (size before relaxing)
 .stab          0x00004620      0x6d8 c:/archivos de programa/atmel/atmel studio 6.0/extensions/atmel/avrgcc/3.4.0.65/avrtoolchain/bin/../lib/gcc/avr/4.6.2/../../../../avr/lib\libpololu_atmega328p.a(Pololu3pi.o)
                                0xde0 (size before relaxing)
 .stab          0x00004cf8     0x12cc c:/archivos de programa/atmel/atmel studio 6.0/extensions/atmel/avrgcc/3.4.0.65/avrtoolchain/bin/../lib/gcc/avr/4.6.2/../../../../avr/lib\libpololu_atmega328p.a(PololuQTRSensors.o)
                               0x1cc8 (size before relaxing)

.stabstr        0x00000000     0x7785
 *(.stabstr)
 .stabstr       0x00000000     0x7785 c:/archivos de programa/atmel/atmel studio 6.0/extensions/atmel/avrgcc/3.4.0.65/avrtoolchain/bin/../lib/gcc/avr/4.6.2/../../../../avr/lib/avr5/crtm328p.o

.stab.excl
 *(.stab.excl)

.stab.exclstr
 *(.stab.exclstr)

.stab.index
 *(.stab.index)

.stab.indexstr
 *(.stab.indexstr)

.comment
 *(.comment)

.debug
 *(.debug)

.line
 *(.line)

.debug_srcinfo
 *(.debug_srcinfo)

.debug_sfnames
 *(.debug_sfnames)

.debug_aranges  0x00000000      0x1c8
 *(.debug_aranges)
 .debug_aranges
                0x00000000       0x20 main.o
 .debug_aranges
                0x00000020       0x20 c:/archivos de programa/atmel/atmel studio 6.0/extensions/atmel/avrgcc/3.4.0.65/avrtoolchain/bin/../lib/gcc/avr/4.6.2/avr5\libgcc.a(_mulsi3.o)
 .debug_aranges
                0x00000040       0x20 c:/archivos de programa/atmel/atmel studio 6.0/extensions/atmel/avrgcc/3.4.0.65/avrtoolchain/bin/../lib/gcc/avr/4.6.2/avr5\libgcc.a(_udivmodhi4.o)
 .debug_aranges
                0x00000060       0x20 c:/archivos de programa/atmel/atmel studio 6.0/extensions/atmel/avrgcc/3.4.0.65/avrtoolchain/bin/../lib/gcc/avr/4.6.2/avr5\libgcc.a(_udivmodsi4.o)
 .debug_aranges
                0x00000080       0x20 c:/archivos de programa/atmel/atmel studio 6.0/extensions/atmel/avrgcc/3.4.0.65/avrtoolchain/bin/../lib/gcc/avr/4.6.2/avr5\libgcc.a(_divmodsi4.o)
 .debug_aranges
                0x000000a0       0x20 c:/archivos de programa/atmel/atmel studio 6.0/extensions/atmel/avrgcc/3.4.0.65/avrtoolchain/bin/../lib/gcc/avr/4.6.2/avr5\libgcc.a(_prologue.o)
 .debug_aranges
                0x000000c0       0x20 c:/archivos de programa/atmel/atmel studio 6.0/extensions/atmel/avrgcc/3.4.0.65/avrtoolchain/bin/../lib/gcc/avr/4.6.2/avr5\libgcc.a(_epilogue.o)
 .debug_aranges
                0x000000e0       0x20 c:/archivos de programa/atmel/atmel studio 6.0/extensions/atmel/avrgcc/3.4.0.65/avrtoolchain/bin/../lib/gcc/avr/4.6.2/avr5\libgcc.a(_exit.o)
 .debug_aranges
                0x00000100       0x20 c:/archivos de programa/atmel/atmel studio 6.0/extensions/atmel/avrgcc/3.4.0.65/avrtoolchain/bin/../lib/gcc/avr/4.6.2/avr5\libgcc.a(_copy_data.o)
 .debug_aranges
                0x00000120       0x20 c:/archivos de programa/atmel/atmel studio 6.0/extensions/atmel/avrgcc/3.4.0.65/avrtoolchain/bin/../lib/gcc/avr/4.6.2/avr5\libgcc.a(_clear_bss.o)
 .debug_aranges
                0x00000140       0x20 c:/archivos de programa/atmel/atmel studio 6.0/extensions/atmel/avrgcc/3.4.0.65/avrtoolchain/bin/../lib/gcc/avr/4.6.2/avr5\libgcc.a(_ctors.o)
 .debug_aranges
                0x00000160       0x20 c:/archivos de programa/atmel/atmel studio 6.0/extensions/atmel/avrgcc/3.4.0.65/avrtoolchain/bin/../lib/gcc/avr/4.6.2/avr5\libgcc.a(_dtors.o)
 .debug_aranges
                0x00000180       0x20 c:/archivos de programa/atmel/atmel studio 6.0/extensions/atmel/avrgcc/3.4.0.65/avrtoolchain/bin/../lib/gcc/avr/4.6.2/avr5\libgcc.a(_tablejump.o)
 .debug_aranges
                0x000001a0       0x28 c:/archivos de programa/atmel/atmel studio 6.0/extensions/atmel/avrgcc/3.4.0.65/avrtoolchain/bin/../lib/gcc/avr/4.6.2/../../../../avr/lib/avr5\libc.a(malloc.o)

.debug_pubnames
 *(.debug_pubnames)

.debug_info     0x00000000     0x1207
 *(.debug_info)
 .debug_info    0x00000000      0x515 main.o
 .debug_info    0x00000515       0xdd c:/archivos de programa/atmel/atmel studio 6.0/extensions/atmel/avrgcc/3.4.0.65/avrtoolchain/bin/../lib/gcc/avr/4.6.2/avr5\libgcc.a(_mulsi3.o)
 .debug_info    0x000005f2       0xdd c:/archivos de programa/atmel/atmel studio 6.0/extensions/atmel/avrgcc/3.4.0.65/avrtoolchain/bin/../lib/gcc/avr/4.6.2/avr5\libgcc.a(_udivmodhi4.o)
 .debug_info    0x000006cf       0xdd c:/archivos de programa/atmel/atmel studio 6.0/extensions/atmel/avrgcc/3.4.0.65/avrtoolchain/bin/../lib/gcc/avr/4.6.2/avr5\libgcc.a(_udivmodsi4.o)
 .debug_info    0x000007ac       0xdd c:/archivos de programa/atmel/atmel studio 6.0/extensions/atmel/avrgcc/3.4.0.65/avrtoolchain/bin/../lib/gcc/avr/4.6.2/avr5\libgcc.a(_divmodsi4.o)
 .debug_info    0x00000889       0xdd c:/archivos de programa/atmel/atmel studio 6.0/extensions/atmel/avrgcc/3.4.0.65/avrtoolchain/bin/../lib/gcc/avr/4.6.2/avr5\libgcc.a(_prologue.o)
 .debug_info    0x00000966       0xdd c:/archivos de programa/atmel/atmel studio 6.0/extensions/atmel/avrgcc/3.4.0.65/avrtoolchain/bin/../lib/gcc/avr/4.6.2/avr5\libgcc.a(_epilogue.o)
 .debug_info    0x00000a43       0xdd c:/archivos de programa/atmel/atmel studio 6.0/extensions/atmel/avrgcc/3.4.0.65/avrtoolchain/bin/../lib/gcc/avr/4.6.2/avr5\libgcc.a(_exit.o)
 .debug_info    0x00000b20       0xdd c:/archivos de programa/atmel/atmel studio 6.0/extensions/atmel/avrgcc/3.4.0.65/avrtoolchain/bin/../lib/gcc/avr/4.6.2/avr5\libgcc.a(_copy_data.o)
 .debug_info    0x00000bfd       0xdd c:/archivos de programa/atmel/atmel studio 6.0/extensions/atmel/avrgcc/3.4.0.65/avrtoolchain/bin/../lib/gcc/avr/4.6.2/avr5\libgcc.a(_clear_bss.o)
 .debug_info    0x00000cda       0xdd c:/archivos de programa/atmel/atmel studio 6.0/extensions/atmel/avrgcc/3.4.0.65/avrtoolchain/bin/../lib/gcc/avr/4.6.2/avr5\libgcc.a(_ctors.o)
 .debug_info    0x00000db7       0xdd c:/archivos de programa/atmel/atmel studio 6.0/extensions/atmel/avrgcc/3.4.0.65/avrtoolchain/bin/../lib/gcc/avr/4.6.2/avr5\libgcc.a(_dtors.o)
 .debug_info    0x00000e94       0xdd c:/archivos de programa/atmel/atmel studio 6.0/extensions/atmel/avrgcc/3.4.0.65/avrtoolchain/bin/../lib/gcc/avr/4.6.2/avr5\libgcc.a(_tablejump.o)
 .debug_info    0x00000f71      0x296 c:/archivos de programa/atmel/atmel studio 6.0/extensions/atmel/avrgcc/3.4.0.65/avrtoolchain/bin/../lib/gcc/avr/4.6.2/../../../../avr/lib/avr5\libc.a(malloc.o)
 *(.gnu.linkonce.wi.*)

.debug_abbrev   0x00000000      0x318
 *(.debug_abbrev)
 .debug_abbrev  0x00000000      0x133 main.o
 .debug_abbrev  0x00000133       0x14 c:/archivos de programa/atmel/atmel studio 6.0/extensions/atmel/avrgcc/3.4.0.65/avrtoolchain/bin/../lib/gcc/avr/4.6.2/avr5\libgcc.a(_mulsi3.o)
 .debug_abbrev  0x00000147       0x14 c:/archivos de programa/atmel/atmel studio 6.0/extensions/atmel/avrgcc/3.4.0.65/avrtoolchain/bin/../lib/gcc/avr/4.6.2/avr5\libgcc.a(_udivmodhi4.o)
 .debug_abbrev  0x0000015b       0x14 c:/archivos de programa/atmel/atmel studio 6.0/extensions/atmel/avrgcc/3.4.0.65/avrtoolchain/bin/../lib/gcc/avr/4.6.2/avr5\libgcc.a(_udivmodsi4.o)
 .debug_abbrev  0x0000016f       0x14 c:/archivos de programa/atmel/atmel studio 6.0/extensions/atmel/avrgcc/3.4.0.65/avrtoolchain/bin/../lib/gcc/avr/4.6.2/avr5\libgcc.a(_divmodsi4.o)
 .debug_abbrev  0x00000183       0x14 c:/archivos de programa/atmel/atmel studio 6.0/extensions/atmel/avrgcc/3.4.0.65/avrtoolchain/bin/../lib/gcc/avr/4.6.2/avr5\libgcc.a(_prologue.o)
 .debug_abbrev  0x00000197       0x14 c:/archivos de programa/atmel/atmel studio 6.0/extensions/atmel/avrgcc/3.4.0.65/avrtoolchain/bin/../lib/gcc/avr/4.6.2/avr5\libgcc.a(_epilogue.o)
 .debug_abbrev  0x000001ab       0x14 c:/archivos de programa/atmel/atmel studio 6.0/extensions/atmel/avrgcc/3.4.0.65/avrtoolchain/bin/../lib/gcc/avr/4.6.2/avr5\libgcc.a(_exit.o)
 .debug_abbrev  0x000001bf       0x14 c:/archivos de programa/atmel/atmel studio 6.0/extensions/atmel/avrgcc/3.4.0.65/avrtoolchain/bin/../lib/gcc/avr/4.6.2/avr5\libgcc.a(_copy_data.o)
 .debug_abbrev  0x000001d3       0x14 c:/archivos de programa/atmel/atmel studio 6.0/extensions/atmel/avrgcc/3.4.0.65/avrtoolchain/bin/../lib/gcc/avr/4.6.2/avr5\libgcc.a(_clear_bss.o)
 .debug_abbrev  0x000001e7       0x14 c:/archivos de programa/atmel/atmel studio 6.0/extensions/atmel/avrgcc/3.4.0.65/avrtoolchain/bin/../lib/gcc/avr/4.6.2/avr5\libgcc.a(_ctors.o)
 .debug_abbrev  0x000001fb       0x14 c:/archivos de programa/atmel/atmel studio 6.0/extensions/atmel/avrgcc/3.4.0.65/avrtoolchain/bin/../lib/gcc/avr/4.6.2/avr5\libgcc.a(_dtors.o)
 .debug_abbrev  0x0000020f       0x14 c:/archivos de programa/atmel/atmel studio 6.0/extensions/atmel/avrgcc/3.4.0.65/avrtoolchain/bin/../lib/gcc/avr/4.6.2/avr5\libgcc.a(_tablejump.o)
 .debug_abbrev  0x00000223       0xf5 c:/archivos de programa/atmel/atmel studio 6.0/extensions/atmel/avrgcc/3.4.0.65/avrtoolchain/bin/../lib/gcc/avr/4.6.2/../../../../avr/lib/avr5\libc.a(malloc.o)

.debug_line     0x00000000      0xaef
 *(.debug_line)
 .debug_line    0x00000000      0x1fe main.o
 .debug_line    0x000001fe       0xa5 c:/archivos de programa/atmel/atmel studio 6.0/extensions/atmel/avrgcc/3.4.0.65/avrtoolchain/bin/../lib/gcc/avr/4.6.2/avr5\libgcc.a(_mulsi3.o)
 .debug_line    0x000002a3       0x9a c:/archivos de programa/atmel/atmel studio 6.0/extensions/atmel/avrgcc/3.4.0.65/avrtoolchain/bin/../lib/gcc/avr/4.6.2/avr5\libgcc.a(_udivmodhi4.o)
 .debug_line    0x0000033d       0xa8 c:/archivos de programa/atmel/atmel studio 6.0/extensions/atmel/avrgcc/3.4.0.65/avrtoolchain/bin/../lib/gcc/avr/4.6.2/avr5\libgcc.a(_udivmodsi4.o)
 .debug_line    0x000003e5       0xa1 c:/archivos de programa/atmel/atmel studio 6.0/extensions/atmel/avrgcc/3.4.0.65/avrtoolchain/bin/../lib/gcc/avr/4.6.2/avr5\libgcc.a(_divmodsi4.o)
 .debug_line    0x00000486       0xa2 c:/archivos de programa/atmel/atmel studio 6.0/extensions/atmel/avrgcc/3.4.0.65/avrtoolchain/bin/../lib/gcc/avr/4.6.2/avr5\libgcc.a(_prologue.o)
 .debug_line    0x00000528       0xa1 c:/archivos de programa/atmel/atmel studio 6.0/extensions/atmel/avrgcc/3.4.0.65/avrtoolchain/bin/../lib/gcc/avr/4.6.2/avr5\libgcc.a(_epilogue.o)
 .debug_line    0x000005c9       0x88 c:/archivos de programa/atmel/atmel studio 6.0/extensions/atmel/avrgcc/3.4.0.65/avrtoolchain/bin/../lib/gcc/avr/4.6.2/avr5\libgcc.a(_exit.o)
 .debug_line    0x00000651       0x91 c:/archivos de programa/atmel/atmel studio 6.0/extensions/atmel/avrgcc/3.4.0.65/avrtoolchain/bin/../lib/gcc/avr/4.6.2/avr5\libgcc.a(_copy_data.o)
 .debug_line    0x000006e2       0x8e c:/archivos de programa/atmel/atmel studio 6.0/extensions/atmel/avrgcc/3.4.0.65/avrtoolchain/bin/../lib/gcc/avr/4.6.2/avr5\libgcc.a(_clear_bss.o)
 .debug_line    0x00000770       0x90 c:/archivos de programa/atmel/atmel studio 6.0/extensions/atmel/avrgcc/3.4.0.65/avrtoolchain/bin/../lib/gcc/avr/4.6.2/avr5\libgcc.a(_ctors.o)
 .debug_line    0x00000800       0x90 c:/archivos de programa/atmel/atmel studio 6.0/extensions/atmel/avrgcc/3.4.0.65/avrtoolchain/bin/../lib/gcc/avr/4.6.2/avr5\libgcc.a(_dtors.o)
 .debug_line    0x00000890       0x8c c:/archivos de programa/atmel/atmel studio 6.0/extensions/atmel/avrgcc/3.4.0.65/avrtoolchain/bin/../lib/gcc/avr/4.6.2/avr5\libgcc.a(_tablejump.o)
 .debug_line    0x0000091c      0x1d3 c:/archivos de programa/atmel/atmel studio 6.0/extensions/atmel/avrgcc/3.4.0.65/avrtoolchain/bin/../lib/gcc/avr/4.6.2/../../../../avr/lib/avr5\libc.a(malloc.o)

.debug_frame    0x00000000       0xe4
 *(.debug_frame)
 .debug_frame   0x00000000       0x90 main.o
 .debug_frame   0x00000090       0x54 c:/archivos de programa/atmel/atmel studio 6.0/extensions/atmel/avrgcc/3.4.0.65/avrtoolchain/bin/../lib/gcc/avr/4.6.2/../../../../avr/lib/avr5\libc.a(malloc.o)

.debug_str      0x00000000      0x288
 *(.debug_str)
 .debug_str     0x00000000      0x196 main.o
                                0x1ca (size before relaxing)
 .debug_str     0x00000196       0xf2 c:/archivos de programa/atmel/atmel studio 6.0/extensions/atmel/avrgcc/3.4.0.65/avrtoolchain/bin/../lib/gcc/avr/4.6.2/../../../../avr/lib/avr5\libc.a(malloc.o)
                                0x16a (size before relaxing)

.debug_loc      0x00000000     0x1344
 *(.debug_loc)
 .debug_loc     0x00000000      0xf23 main.o
 .debug_loc     0x00000f23      0x421 c:/archivos de programa/atmel/atmel studio 6.0/extensions/atmel/avrgcc/3.4.0.65/avrtoolchain/bin/../lib/gcc/avr/4.6.2/../../../../avr/lib/avr5\libc.a(malloc.o)

.debug_macinfo
 *(.debug_macinfo)
OUTPUT(SeguidorOficial1.elf elf32-avr)
LOAD linker stubs

.debug_ranges   0x00000000       0x68
 .debug_ranges  0x00000000       0x50 main.o
 .debug_ranges  0x00000050       0x18 c:/archivos de programa/atmel/atmel studio 6.0/extensions/atmel/avrgcc/3.4.0.65/avrtoolchain/bin/../lib/gcc/avr/4.6.2/../../../../avr/lib/avr5\libc.a(malloc.o)
